// Jest Snapshot v1, https://goo.gl/fbAQLP

exports[`Should render 1`] = `
<StepTemplate
  footer={
    <ButtonWithSpinnerContainer
      onPress={[Function]}
      primary={true}
    >
      Begin
    </ButtonWithSpinnerContainer>
  }
>
  <EmptyCard>
    <Component
      style={
        Array [
          Object {
            "fontSize": 18,
            "fontWeight": "bold",
            "lineHeight": 26,
            "paddingBottom": 16,
            "textAlign": "center",
          },
        ]
      }
    >
      Welcome to the Trivia Challenge!
    </Component>
    <Component
      style={
        Object {
          "fontSize": 16,
          "lineHeight": 24,
          "textAlign": "center",
        }
      }
    >
      You will be presented with 10 true and false questions.
    </Component>
    <Component
      style={
        Array [
          Object {
            "fontSize": 16,
            "lineHeight": 24,
            "textAlign": "center",
          },
          Object {
            "marginTop": 16,
          },
        ]
      }
    >
      Can you score 100%?
    </Component>
  </EmptyCard>
</StepTemplate>
`;
