// Jest Snapshot v1, https://goo.gl/fbAQLP

exports[`Should render 1`] = `
<StepTemplate
  footer={
    <ButtonWithSpinnerContainer
      onPress={[Function]}
      primary={true}
    >
      Begin
    </ButtonWithSpinnerContainer>
  }
  header={
    <Component>
      Welcome to the Trivia Challenge!
    </Component>
  }
>
  <Component>
    You will be presented with 10 true and false questions.
  </Component>
  <Component>
    Can you score 100%?
  </Component>
</StepTemplate>
`;
